2026-10-08T06:19:44.121684+00:00 WARNING 'ansible_navigator.main' `config was normalized to SettingsEntryValue(default=<Constants.NOT_SET: 'Not set'>, current='/workspaces/ansibleexam/ansible.cfg', schema_default=<Constants.NOT_SET: 'Not set'>, source=<Constants.USER_CFG: 'Settings file'>).
2026-10-08T06:19:44.259682+00:00 WARNING 'ansible_navigator.image_manager.puller._log_message' Image inspection failed, image assumed to be corrupted or missing
2026-10-08T06:19:44.260131+00:00 WARNING 'ansible_navigator.image_manager.puller._log_message' stdout: []

2026-10-08T06:19:44.260195+00:00 WARNING 'ansible_navigator.image_manager.puller._log_message' stderr: Error: registry.redhat.io/ansible-automation-platform-25/ee-supported-rhel9:latest: image not known

2026-10-08T06:20:49.934265+00:00 ERROR 'ansible_navigator.image_manager.puller._log_message' Execution environment pull failed
2026-10-08T06:21:45.889673+00:00 WARNING 'ansible_navigator.main' `config was normalized to SettingsEntryValue(default=<Constants.NOT_SET: 'Not set'>, current='/workspaces/ansibleexam/ansible.cfg', schema_default=<Constants.NOT_SET: 'Not set'>, source=<Constants.USER_CFG: 'Settings file'>).
2026-10-08T06:21:45.956607+00:00 WARNING 'ansible_navigator.image_manager.puller._log_message' Image inspection failed, image assumed to be corrupted or missing
2026-10-08T06:21:45.956811+00:00 WARNING 'ansible_navigator.image_manager.puller._log_message' stdout: []

2026-10-08T06:21:45.956867+00:00 WARNING 'ansible_navigator.image_manager.puller._log_message' stderr: Error: registry.redhat.io/ansible-automation-platform-25/ee-supported-rhel9:latest: image not known

2026-10-08T06:27:03.317671+00:00 WARNING 'ansible_navigator.main' `config was normalized to SettingsEntryValue(default=<Constants.NOT_SET: 'Not set'>, current='/workspaces/ansibleexam/ansible.cfg', schema_default=<Constants.NOT_SET: 'Not set'>, source=<Constants.USER_CFG: 'Settings file'>).
2026-10-08T06:43:36.218175+00:00 WARNING 'ansible_navigator.main' `config was normalized to SettingsEntryValue(default=<Constants.NOT_SET: 'Not set'>, current='/workspaces/ansibleexam/ansible.cfg', schema_default=<Constants.NOT_SET: 'Not set'>, source=<Constants.USER_CFG: 'Settings file'>).
2026-10-08T06:46:27.233738+00:00 WARNING 'ansible_navigator.main' `config was normalized to SettingsEntryValue(default=<Constants.NOT_SET: 'Not set'>, current='/workspaces/ansibleexam/ansible.cfg', schema_default=<Constants.NOT_SET: 'Not set'>, source=<Constants.USER_CFG: 'Settings file'>).
2026-10-08T06:48:28.305699+00:00 WARNING 'ansible_navigator.main' `config was normalized to SettingsEntryValue(default=<Constants.NOT_SET: 'Not set'>, current='/workspaces/ansibleexam/ansible.cfg', schema_default=<Constants.NOT_SET: 'Not set'>, source=<Constants.USER_CFG: 'Settings file'>).
2026-10-08T06:49:33.287360+00:00 WARNING 'ansible_navigator.main' `config was normalized to SettingsEntryValue(default=<Constants.NOT_SET: 'Not set'>, current='/workspaces/ansibleexam/ansible.cfg', schema_default=<Constants.NOT_SET: 'Not set'>, source=<Constants.USER_CFG: 'Settings file'>).
2026-10-08T07:14:06.373680+00:00 WARNING 'ansible_navigator.main' `config was normalized to SettingsEntryValue(default=<Constants.NOT_SET: 'Not set'>, current='/workspaces/ansibleexam/ansible.cfg', schema_default=<Constants.NOT_SET: 'Not set'>, source=<Constants.USER_CFG: 'Settings file'>).
2026-10-08T07:32:03.349774+00:00 WARNING 'ansible_navigator.main' `config was normalized to SettingsEntryValue(default=<Constants.NOT_SET: 'Not set'>, current='/workspaces/ansibleexam/ansible.cfg', schema_default=<Constants.NOT_SET: 'Not set'>, source=<Constants.USER_CFG: 'Settings file'>).
2026-10-08T07:34:55.916003+00:00 WARNING 'ansible_navigator.main' `config was normalized to SettingsEntryValue(default=<Constants.NOT_SET: 'Not set'>, current='/workspaces/ansibleexam/ansible.cfg', schema_default=<Constants.NOT_SET: 'Not set'>, source=<Constants.USER_CFG: 'Settings file'>).
2026-10-08T07:37:42.882961+00:00 WARNING 'ansible_navigator.main' `config was normalized to SettingsEntryValue(default=<Constants.NOT_SET: 'Not set'>, current='/workspaces/ansibleexam/ansible.cfg', schema_default=<Constants.NOT_SET: 'Not set'>, source=<Constants.USER_CFG: 'Settings file'>).
2026-10-08T07:41:19.919214+00:00 WARNING 'ansible_navigator.main' `config was normalized to SettingsEntryValue(default=<Constants.NOT_SET: 'Not set'>, current='/workspaces/ansibleexam/ansible.cfg', schema_default=<Constants.NOT_SET: 'Not set'>, source=<Constants.USER_CFG: 'Settings file'>).
2026-10-08T08:31:16.893549+00:00 WARNING 'ansible_navigator.main' `config was normalized to SettingsEntryValue(default=<Constants.NOT_SET: 'Not set'>, current='/workspaces/ansibleexam/ansible.cfg', schema_default=<Constants.NOT_SET: 'Not set'>, source=<Constants.USER_CFG: 'Settings file'>).
2026-10-08T08:33:56.901783+00:00 WARNING 'ansible_navigator.main' `config was normalized to SettingsEntryValue(default=<Constants.NOT_SET: 'Not set'>, current='/workspaces/ansibleexam/ansible.cfg', schema_default=<Constants.NOT_SET: 'Not set'>, source=<Constants.USER_CFG: 'Settings file'>).
2026-10-08T08:35:09.107996+00:00 WARNING 'ansible_navigator.main' `config was normalized to SettingsEntryValue(default=<Constants.NOT_SET: 'Not set'>, current='/workspaces/ansibleexam/ansible.cfg', schema_default=<Constants.NOT_SET: 'Not set'>, source=<Constants.USER_CFG: 'Settings file'>).
2026-10-08T08:37:16.347219+00:00 WARNING 'ansible_navigator.main' `config was normalized to SettingsEntryValue(default=<Constants.NOT_SET: 'Not set'>, current='/workspaces/ansibleexam/ansible.cfg', schema_default=<Constants.NOT_SET: 'Not set'>, source=<Constants.USER_CFG: 'Settings file'>).
2026-10-08T09:05:55.983667+00:00 WARNING 'ansible_navigator.main' `config was normalized to SettingsEntryValue(default=<Constants.NOT_SET: 'Not set'>, current='/workspaces/ansibleexam/ansible.cfg', schema_default=<Constants.NOT_SET: 'Not set'>, source=<Constants.USER_CFG: 'Settings file'>).
2026-10-08T09:08:05.013742+00:00 WARNING 'ansible_navigator.main' `config was normalized to SettingsEntryValue(default=<Constants.NOT_SET: 'Not set'>, current='/workspaces/ansibleexam/ansible.cfg', schema_default=<Constants.NOT_SET: 'Not set'>, source=<Constants.USER_CFG: 'Settings file'>).
2026-10-08T09:10:57.519410+00:00 WARNING 'ansible_navigator.main' `config was normalized to SettingsEntryValue(default=<Constants.NOT_SET: 'Not set'>, current='/workspaces/ansibleexam/ansible.cfg', schema_default=<Constants.NOT_SET: 'Not set'>, source=<Constants.USER_CFG: 'Settings file'>).
2026-10-08T09:15:34.876801+00:00 WARNING 'ansible_navigator.main' `config was normalized to SettingsEntryValue(default=<Constants.NOT_SET: 'Not set'>, current='/workspaces/ansibleexam/ansible.cfg', schema_default=<Constants.NOT_SET: 'Not set'>, source=<Constants.USER_CFG: 'Settings file'>).
2026-10-08T09:20:29.761136+00:00 WARNING 'ansible_navigator.main' `config was normalized to SettingsEntryValue(default=<Constants.NOT_SET: 'Not set'>, current='/workspaces/ansibleexam/ansible.cfg', schema_default=<Constants.NOT_SET: 'Not set'>, source=<Constants.USER_CFG: 'Settings file'>).
2026-10-08T09:22:20.616190+00:00 WARNING 'ansible_navigator.main' `config was normalized to SettingsEntryValue(default=<Constants.NOT_SET: 'Not set'>, current='/workspaces/ansibleexam/ansible.cfg', schema_default=<Constants.NOT_SET: 'Not set'>, source=<Constants.USER_CFG: 'Settings file'>).
2026-10-08T11:44:16.384161+00:00 WARNING 'ansible_navigator.main' `config was normalized to SettingsEntryValue(default=<Constants.NOT_SET: 'Not set'>, current='/workspaces/ansibleexam/ansible.cfg', schema_default=<Constants.NOT_SET: 'Not set'>, source=<Constants.USER_CFG: 'Settings file'>).
